[
  {
    "cik": "0000789019",
    "ticker": "MSFT",
    "name": "MICROSOFT CORP",
    "organizationDetails": {
      "name": "MICROSOFT CORP",
      "cik": "0000789019",
      "irsNumber": "000000000",
      "reportingFileNumber": "001-37845",
      "regulatedEntityType": "N/A",
      "sicCode": "7372",
      "address": "ONE MICROSOFT WAY REDMOND, WASHINGTON 98052-6399",
      "phoneNumber": "000-000-0000",
      "stateOfIncorporation": "WASHINGTON",
      "fiscalYearEnd": "0630",
      "dateOfLastUpdate": "2019-10-23 16:09:48.757256",
      "createdAt": "2020-11-27T05:14:06.727+00:00",
      "sicData": {
        "sicCode": "7372",
        "industry": "Office of Technology",
        "sicTitle": "SERVICES-PREPACKAGED SOFTWARE"
      }
    }
  }
]